ABOUT_ENTER			=	00000000;
ABOUT_LEAVE			=	00010000;
ABOUT_EMAIL			=	00100000;
ABOUT_CALL			=	00200000;
ABOUT_CALL_OK			=	00300000;
ABOUT_CALL_CANCEL		=	00400000;
ABOUT_WEBSITE			=	00500000;

SETTING_ENTER			=	01000000;
SETTING_LEAVE			=	01010000;
SETTING_TITLE_LIST		=	01100000;
SETTING_CHECK			=	01200000;
SETTING_EDIT			=	01300000;
SETTING_SPINNER			=	01400000;
SETTING_SELECT			=	01500000;
SETTING_SELECT(Counseling)	=	01500300; //(社區諮商)
SETTING_SELECT(Others)		=	01500400; //(其他設定)

TEST_ENTER			=	10000000;
TEST_LEAVE			=	10010000;
TEST_TUTORIAL_BUTTON		=	10200000;
TEST_START_BUTTON		=	10300000;
TEST_END_BUTTON			=	10400000; 
TEST_QUESTION_CANCEL		=	10500000;
TEST_QUESTION_SEND		=	10600000;
TEST_QUESTION_SEND_EMPTY	=	10600001;

TEST_ADDITIONAL_QUESTION_CANCEL		=	12000000;
TEST_ADDITIONAL_QUESTION_SEND		=	12100000;
TEST_ADDITIONAL_QUESTION_SEND_EMPTY	=	12100001;
TEST_FEEDBACK_REC_BUTTON		=	13000000;
TEST_FEEDBACK_STOP_REC_BUTTON		=	13100000;
TEST_FEEDBACK_DONE			=	13200000;
TEST_NOTIFICATION_CANCEL		=	14000000;
TEST_NOTIFICATION_GOTO			=	14100000;

STATISTIC_ENTER			=	20000000;
STATISTIC_LEAVE			=	20010000;
STATISTIC_TODAY			=	20100000;
STATISTIC_WEEK			=	20110000;
STATISTIC_MONTH			=	20120000;
STATISTIC_ANALYSIS		=	20200000;
STATISTIC_QUESTION_BUTTON	=	20300000;

STATISTIC_QUESTION_EXIT		=	20400000;
STATISTIC_QUESTION_BREATH	=	20500000;
STATISTIC_QUESTION_CALL_CHECK	=	20600000;
STATISTIC_QUESTION_CALL_OK	=	20700000;
STATISTIC_QUESTION_CLOSE	=	20800000;
STATISTIC_QUESTION_EMOTIONDIY	=	20900000;
STATISTIC_QUESTION_END		=	21000000;
STATISTIC_QUESTION_FAMILY	=	21100000;
STATISTIC_QUESTION_HOME		=	21200000;
STATISTIC_QUESTION_HOTLINE	=	21300000;
STATISTIC_QUESTION_INSPIRE	=	21400000;
STATISTIC_QUESTION_READING	=	21500000;
STATISTIC_QUESTION_SELFHELP	=	21600000;
STATISTIC_QUESTION_SITUATION	=	21700000;
STATISTIC_QUESTION_SOCIAL	=	21800000;
STATISTIC_QUESTION_TRYAGAIN	=	21900000;

STATISTIC_RADAR_CHART_OPEN			=	22000000;
STATISTIC_RADAR_CHART_CLOSE			=	22100000;
STATISTIC_DETAIL_CHART_OPEN(DETECTION)		=	22200000;
STATISTIC_DETAIL_CHART_OPEN(ADVICE)		=	22200001;
STATISTIC_DETAIL_CHART_OPEN(MANAGE)		=	22200002;
STATISTIC_DETAIL_CHART_OPEN(STORYTELLING)	=	22200003;
STATISTIC_DETAIL_CHART_CLOSE   			=	22300000;

STORYTELLING_ENTER		=	30000000;
STORYTELLING_LEAVE		=	30010000;
STORYTELLING_PAGE_UP		=	30100000;
STORYTELLING_PAGE_DOWN		=	30110000;

STORYTELLING_CHART_TYPE0	=	30200000;
STORYTELLING_CHART_TYPE1	=	30210000;
STORYTELLING_CHART_TYPE2	=	30220000;
STORYTELLING_CHART_TYPE3	=	30230000;
STORYTELLING_CHART		=	30400000;
STORYTELLING_CHART_BUTTON	=	30500000;

STORYTELLING_FACEBOOK		=	30600000;
STORYTELLING_TEST		=	30700000;
STORYTELLING_RECORD		=	30800000;
STORYTELLING_RECORD_REC		=	30900000;
STORYTELLING_RECORD_PAUSE_REC	=	30910000;
STORYTELLING_RECORD_PLAY	=	31000000;
STORYTELLING_RECORD_PAUSE_PLAY	=	31010000;
STORYTELLING_RECORD_ADD_EM	=	31100000;
STORYTELLING_RECORD_EM_HISTORY	=	31200000;
STORYTELLING_RECORD_BACK	=	31300000;
STORYTELLING_READ_OK		=	31400000;
STORYTELLING_READ_CANCEL	=	31500000;
STORYTELLING_READ		=	31600000;
    
STORYTELLING_MORE       =   31700000;
STORYTELLING_MORE_EXIT      =   31800000;

EMOTION_DIY_ENTER		=	40000000;
EMOTION_DIY_LEAVE		=	40010000;
EMOTION_DIY_RETURN		=	40200000;
EMOTION_DIY_SELECTION		=	40300000;
EMOTION_DIY_PLAY		=	40400000;
EMOTION_DIY_PAUSE		=	40410000;
EMOTION_DIY_CANCEL_PLAY		=	40500000;
EMOTION_DIY_CALL_OK		=	40600000;
EMOTION_DIY_CALL_CANCEL		=	40700000;
EMOTION_DIY_STOP		=	40800000;
EMOTION_DIY_END_PLAY_CANCEL	=	40900000;
EMOTION_DIY_END_PLAY		=	41000000;

EMOTION_MANAGE_ENTER		=	50000000;
EMOTION_MANAGE_LEAVE		=	50010000;
EMOTION_MANAGE_SELECTION	=	50100000;
EMOTION_MANAGE_RETURN		=	50200000;
EMOTION_MANAGE_LIST_TEXT	=	50300000;
EMOTION_MANAGE_SELECT_TEXT	=	50400000;

EMOTION_MANAGE_HISTORY_ENTER	=	55000000;
EMOTION_MANAGE_HISTORY_LEAVE	=	55010000;
EMOTION_MANAGE_HISTORY_SELECT	=	55100000;

TUTORIAL_ENTER			=	60000000;
TUTORIAL_LEAVE			=	60010000;
TUTORIAL_NEXT			=	60100000;
TUTORIAL_REPLAY			=	60200000;

STORYTELLING_TEST_ENTER		=	70000000;
STORYTELLING_TEST_LEAVE		=	70010000;
STORYTELLING_TEST_SELECT	=	70100000;
STORYTELLING_TEST_SUBMIT	=	70200000;
STORYTELLING_TEST_SUBMIT_EMPTY	=	70210000;
STORYTELLING_TEST_CANCEL	=	70300000;

FACEBOOK_ENTER			=	80000000;
FACEBOOK_LEAVE			=	80010000;
FACEBOOK_SUBMIT			=	80100000;
FACEBOOK_SUBMIT_OK		=	80200000;
FACEBOOK_SUBMIT_CANCEL		=	80300000;
FACEBOOK_PRIVACY		=	80400000;
FACEBOOK_RETURN			=	80500000;

TAB_TEST			=	90000000;
TAB_STATISTIC			=	90100000;
TAB_STORYTELLING		=	90200000;
